#-----------------------------------------------------------
# Vivado v2018.1 (64-bit)
# SW Build 2188600 on Wed Apr  4 18:40:38 MDT 2018
# IP Build 2185939 on Wed Apr  4 20:55:05 MDT 2018
# Start of session at: Fri Apr 26 04:05:29 2024
# Process ID: 11336
# Current directory: E:/OneDrive/Desktop/FINAL PROJECT/NANOPROCESSOR IMPROVED FINAL
# Command line: vivado.exe -gui_launcher_event rodinguilauncherevent12512 E:\OneDrive\Desktop\FINAL PROJECT\NANOPROCESSOR IMPROVED FINAL\Nano_processor.xpr
# Log file: E:/OneDrive/Desktop/FINAL PROJECT/NANOPROCESSOR IMPROVED FINAL/vivado.log
# Journal file: E:/OneDrive/Desktop/FINAL PROJECT/NANOPROCESSOR IMPROVED FINAL\vivado.jou
#-----------------------------------------------------------
start_gui
open_project {E:/OneDrive/Desktop/FINAL PROJECT/NANOPROCESSOR IMPROVED FINAL/Nano_processor.xpr}
update_compile_order -fileset sources_1
# Disabling source management mode.  This is to allow the top design properties to be set without GUI intervention.
set_property source_mgmt_mode None [current_project]
set_property top Multiplier_4 [current_fileset]
# Re-enabling previously disabled source management mode.
set_property source_mgmt_mode All [current_project]
update_compile_order -fileset sources_1
# Disabling source management mode.  This is to allow the top design properties to be set without GUI intervention.
set_property source_mgmt_mode None [current_project]
set_property top TB_Multiplier_4 [get_filesets sim_1]
set_property top_lib xil_defaultlib [get_filesets sim_1]
# Re-enabling previously disabled source management mode.
set_property source_mgmt_mode All [current_project]
update_compile_order -fileset sim_1
synth_design -rtl -name rtl_1
launch_simulation
open_wave_config {E:/OneDrive/Desktop/FINAL PROJECT/NANOPROCESSOR IMPROVED FINAL/Nano_processor.srcs/sim_1/imports/Nano_processor/Nano_Sim_behav.wcfg}
source TB_Multiplier_4.tcl
export_ip_user_files -of_objects  [get_files {{E:/OneDrive/Desktop/FINAL PROJECT/NANOPROCESSOR IMPROVED FINAL/Nano_processor.srcs/sim_1/imports/Nano_processor/Nano_Sim_behav.wcfg}}] -no_script -reset -force -quiet
remove_files  -fileset sim_1 {{E:/OneDrive/Desktop/FINAL PROJECT/NANOPROCESSOR IMPROVED FINAL/Nano_processor.srcs/sim_1/imports/Nano_processor/Nano_Sim_behav.wcfg}}
close_sim
launch_simulation
source TB_Multiplier_4.tcl
close_sim
# Disabling source management mode.  This is to allow the top design properties to be set without GUI intervention.
set_property source_mgmt_mode None [current_project]
set_property top Operation [current_fileset]
# Re-enabling previously disabled source management mode.
set_property source_mgmt_mode All [current_project]
update_compile_order -fileset sources_1
set_property SOURCE_SET sources_1 [get_filesets sim_1]
close [ open {E:/OneDrive/Desktop/FINAL PROJECT/NANOPROCESSOR IMPROVED FINAL/Nano_processor.srcs/sim_1/new/Operation_SIM.vhd} w ]
add_files -fileset sim_1 {{E:/OneDrive/Desktop/FINAL PROJECT/NANOPROCESSOR IMPROVED FINAL/Nano_processor.srcs/sim_1/new/Operation_SIM.vhd}}
update_compile_order -fileset sim_1
# Disabling source management mode.  This is to allow the top design properties to be set without GUI intervention.
set_property source_mgmt_mode None [current_project]
set_property top Operation_SIM [get_filesets sim_1]
set_property top_lib xil_defaultlib [get_filesets sim_1]
# Re-enabling previously disabled source management mode.
set_property source_mgmt_mode All [current_project]
update_compile_order -fileset sim_1
update_compile_order -fileset sim_1
update_compile_order -fileset sim_1
launch_simulation
source Operation_SIM.tcl
close_sim
refresh_design
# Disabling source management mode.  This is to allow the top design properties to be set without GUI intervention.
set_property source_mgmt_mode None [current_project]
set_property top A_N_D [current_fileset]
# Re-enabling previously disabled source management mode.
set_property source_mgmt_mode All [current_project]
update_compile_order -fileset sources_1
# Disabling source management mode.  This is to allow the top design properties to be set without GUI intervention.
set_property source_mgmt_mode None [current_project]
set_property top A_N_D_sim [get_filesets sim_1]
set_property top_lib xil_defaultlib [get_filesets sim_1]
# Re-enabling previously disabled source management mode.
set_property source_mgmt_mode All [current_project]
update_compile_order -fileset sim_1
refresh_design
launch_simulation
source A_N_D_sim.tcl
# Disabling source management mode.  This is to allow the top design properties to be set without GUI intervention.
set_property source_mgmt_mode None [current_project]
set_property top COMPARATOR [current_fileset]
# Re-enabling previously disabled source management mode.
set_property source_mgmt_mode All [current_project]
update_compile_order -fileset sources_1
close_sim
# Disabling source management mode.  This is to allow the top design properties to be set without GUI intervention.
set_property source_mgmt_mode None [current_project]
set_property top COMPARATOR_SIM [get_filesets sim_1]
set_property top_lib xil_defaultlib [get_filesets sim_1]
# Re-enabling previously disabled source management mode.
set_property source_mgmt_mode All [current_project]
update_compile_order -fileset sim_1
refresh_design
launch_simulation
source COMPARATOR_SIM.tcl
close_sim
# Disabling source management mode.  This is to allow the top design properties to be set without GUI intervention.
set_property source_mgmt_mode None [current_project]
set_property top bit_shift_sim [get_filesets sim_1]
set_property top_lib xil_defaultlib [get_filesets sim_1]
# Re-enabling previously disabled source management mode.
set_property source_mgmt_mode All [current_project]
update_compile_order -fileset sim_1
# Disabling source management mode.  This is to allow the top design properties to be set without GUI intervention.
set_property source_mgmt_mode None [current_project]
set_property top bit_shifter [current_fileset]
# Re-enabling previously disabled source management mode.
set_property source_mgmt_mode All [current_project]
update_compile_order -fileset sources_1
refresh_design
launch_simulation
source bit_shift_sim.tcl
# Disabling source management mode.  This is to allow the top design properties to be set without GUI intervention.
set_property source_mgmt_mode None [current_project]
set_property top MUX_2_1_4bit [current_fileset]
# Re-enabling previously disabled source management mode.
set_property source_mgmt_mode All [current_project]
update_compile_order -fileset sources_1
# Disabling source management mode.  This is to allow the top design properties to be set without GUI intervention.
set_property source_mgmt_mode None [current_project]
set_property top MUX_2_1_4bit_Sim [get_filesets sim_1]
set_property top_lib xil_defaultlib [get_filesets sim_1]
# Re-enabling previously disabled source management mode.
set_property source_mgmt_mode All [current_project]
update_compile_order -fileset sim_1
refresh_design
update_compile_order -fileset sim_1
update_compile_order -fileset sim_1
launch_simulation
source MUX_2_1_4bit_Sim.tcl
close_sim
close_sim
